Microchip MPLAB XC8 Compiler V1.33 ()

Linker command line:

--edf=C:\Program Files\Microchip\xc8\v1.33\dat\en_msgs.txt -cs \
  -h+dist/default/debug\PRB_16F1709.X.debug.sym \
  --cmf=dist/default/debug\PRB_16F1709.X.debug.cmf -z -Q16F1709 \
  -oD:\t133643\AppData\Local\Temp\s368.6 \
  -Mdist/default/debug/PRB_16F1709.X.debug.map -E1 -ver=XC8 \
  -ASTACK=02065h-0231fh -pstack=STACK -ACONST=00h-0FFhx32 \
  -ACODE=00h-07FFhx4 -ASTRCODE=00h-01FFFh -AENTRY=00h-0FFhx32 \
  -ASTRING=00h-0FFhx32 -ACOMMON=070h-07Fh -ABANK0=020h-06Fh \
  -ABANK1=0A0h-0EFh -ABANK2=0120h-016Fh -ABANK3=01A0h-01EFh \
  -ABANK4=0220h-026Fh -ABANK5=02A0h-02EFh -ABANK6=0320h-036Fh \
  -ABANK7=03A0h-03EFh -ABANK8=0420h-046Fh -ABANK9=04A0h-04EFh \
  -ABANK10=0520h-056Fh -ABANK11=05A0h-05EFh -ABANK12=0620h-064Fh \
  -ABIGRAM=02000h-023EFh \
  -ARAM=020h-06Fh,0A0h-0EFh,0120h-016Fh,01A0h-01EFh,0220h-026Fh,02A0h-02EFh,0320h-036Fh,03A0h-03EFh,0420h-046Fh,04A0h-04EFh,0520h-056Fh,05A0h-05EFh,0620h-064Fh \
  -AABS1=020h-07Fh,0A0h-0EFh,0120h-016Fh,01A0h-01EFh,0220h-026Fh,02A0h-02EFh,0320h-036Fh,03A0h-03EFh,0420h-046Fh,04A0h-04EFh,0520h-056Fh,05A0h-05EFh,0620h-064Fh \
  -ASFR0=00h-01Fh -ASFR1=080h-09Fh -ASFR2=0100h-011Fh -ASFR3=0180h-019Fh \
  -ASFR4=0200h-021Fh -ASFR5=0280h-029Fh -ASFR6=0300h-031Fh \
  -ASFR7=0380h-039Fh -ASFR8=0400h-041Fh -ASFR9=0480h-049Fh \
  -ASFR10=0500h-051Fh -ASFR11=0580h-059Fh -ASFR12=0600h-061Fh \
  -ASFR13=0680h-06EFh -ASFR14=0700h-076Fh -ASFR15=0780h-07EFh \
  -ASFR16=0800h-086Fh -ASFR17=0880h-08EFh -ASFR18=0900h-096Fh \
  -ASFR19=0980h-09EFh -ASFR20=0A00h-0A6Fh -ASFR21=0A80h-0AEFh \
  -ASFR22=0B00h-0B6Fh -ASFR23=0B80h-0BEFh -ASFR24=0C00h-0C6Fh \
  -ASFR25=0C80h-0CEFh -ASFR26=0D00h-0D6Fh -ASFR27=0D80h-0DEFh \
  -ASFR28=0E00h-0E6Fh -ASFR29=0E80h-0EEFh -ASFR30=0F00h-0F6Fh \
  -ASFR31=0F80h-0FEFh -preset_vec=00h,intentry=04h,init,end_init \
  -ppowerup=CODE -pcinit=CODE -pfunctab=CODE -ACONFIG=08007h-08008h \
  -pconfig=CONFIG -DCONFIG=2 -AIDLOC=08000h-08003h -pidloc=IDLOC -DIDLOC=2 \
  -DCODE=2 -DSTRCODE=2 -DSTRING=2 -DCONST=2 -DENTRY=2 -k \
  D:\t133643\AppData\Local\Temp\s368.obj \
  dist/default/debug\PRB_16F1709.X.debug.obj 

Object code version is 3.11

Machine type is 16F1709



                Name                               Link     Load   Length Selector   Space Scale
D:\t133643\AppData\Local\Temp\s368.obj
                end_init                             32       32        2        8       0
                reset_vec                             0        0        3        0       0
                config                             8007     8007        2    1000E       0
dist/default/debug\PRB_16F1709.X.debug.obj
                cinit                                34       34       1B        8       0
                intentry                              4        4       2E        8       0
                text13                              43B      43B       60        8       0
                text12                              282      282       A9        8       0
                text11                              1CE      1CE       B4        8       0
                text10                              3B4      3B4       87        8       0
                text9                               5CD      5CD       2A        8       0
                text8                               5A1      5A1       2C        8       0
                text7                               61D      61D       13        8       0
                text6                               49B      49B       53        8       0
                text5                               4EE      4EE       43        8       0
                text4                               32B      32B       89        8       0
                text3                               571      571       30        8       0
                text2                               5F7      5F7       26        8       0
                text1                               531      531       40        8       0
                maintext                             4F       4F      17F        8       0
                cstackBANK0                          20       20       3C       20       1
                cstackCOMMON                         70       70        A       70       1
                cstackBANK1                          B3       B3        2       A0       1
                clrtext                             630      630        6        8       0
                bssBANK1                             A0       A0       13       A0       1
                bssBANK0                             5C       5C       13       20       1
                dataCOMMON                           7A       7A        2       70       1
                stringtext                          700      700        5        E       0
                idataCOMMON                         705      705        2      E0A       0

TOTAL           Name                               Link     Load   Length     Space
        CLASS   STACK          

        CLASS   CONST          

        CLASS   CODE           
                end_init                             32       32        2         0
                cinit                                34       34       1B         0
                intentry                              4        4       2E         0
                reset_vec                             0        0        3         0
                text13                              43B      43B       60         0
                text12                              282      282       A9         0
                text11                              1CE      1CE       B4         0
                text10                              3B4      3B4       87         0
                text9                               5CD      5CD       2A         0
                text8                               5A1      5A1       2C         0
                text7                               61D      61D       13         0
                text6                               49B      49B       53         0
                text5                               4EE      4EE       43         0
                text4                               32B      32B       89         0
                text3                               571      571       30         0
                text2                               5F7      5F7       26         0
                text1                               531      531       40         0
                maintext                             4F       4F      17F         0
                clrtext                             630      630        6         0
                idataCOMMON                         705      705        2         0

        CLASS   STRCODE        
                stringtext                          700      700        5         0

        CLASS   ENTRY          

        CLASS   STRING         

        CLASS   COMMON         
                cstackCOMMON                         70       70        A         1
                dataCOMMON                           7A       7A        2         1

        CLASS   BANK0          
                cstackBANK0                          20       20       3C         1
                bssBANK0                             5C       5C       13         1

        CLASS   BANK1          
                cstackBANK1                          B3       B3        2         1
                bssBANK1                             A0       A0       13         1

        CLASS   BANK2          

        CLASS   BANK3          

        CLASS   BANK4          

        CLASS   BANK5          

        CLASS   BANK6          

        CLASS   BANK7          

        CLASS   BANK8          

        CLASS   BANK9          

        CLASS   BANK10         

        CLASS   BANK11         

        CLASS   BANK12         

        CLASS   BIGRAM         

        CLASS   RAM            

        CLASS   ABS1           
                abs_s1                               7E       7E        2         1

        CLASS   SFR0           

        CLASS   SFR1           

        CLASS   SFR2           

        CLASS   SFR3           

        CLASS   SFR4           

        CLASS   SFR5           

        CLASS   SFR6           

        CLASS   SFR7           

        CLASS   SFR8           

        CLASS   SFR9           

        CLASS   SFR10          

        CLASS   SFR11          

        CLASS   SFR12          

        CLASS   SFR13          

        CLASS   SFR14          

        CLASS   SFR15          

        CLASS   SFR16          

        CLASS   SFR17          

        CLASS   SFR18          

        CLASS   SFR19          

        CLASS   SFR20          

        CLASS   SFR21          

        CLASS   SFR22          

        CLASS   SFR23          

        CLASS   SFR24          

        CLASS   SFR25          

        CLASS   SFR26          

        CLASS   SFR27          

        CLASS   SFR28          

        CLASS   SFR29          

        CLASS   SFR30          

        CLASS   SFR31          

        CLASS   CONFIG         
                config                             8007     8007        2         0

        CLASS   IDLOC          

        CLASS   BANK31         

        CLASS   BANK30         

        CLASS   BANK29         

        CLASS   BANK28         

        CLASS   BANK27         

        CLASS   BANK26         

        CLASS   BANK25         

        CLASS   BANK24         

        CLASS   BANK23         

        CLASS   BANK22         

        CLASS   BANK21         

        CLASS   BANK20         

        CLASS   BANK19         

        CLASS   BANK18         

        CLASS   BANK17         

        CLASS   BANK16         

        CLASS   BANK15         

        CLASS   BANK14         

        CLASS   BANK13         

        CLASS   EEDATA         



SEGMENTS        Name                           Load    Length   Top    Selector   Space  Class     Delta

                reset_vec                      000000  000003  000003         0       0  CODE        2
                intentry                       000004  000632  000636         8       0  CODE        2
                cstackBANK0                    000020  00004F  00006F        20       1  BANK0       1
                cstackCOMMON                   000070  00000C  00007C        70       1  COMMON      1
                bssBANK1                       0000A0  000015  0000B5        A0       1  BANK1       1
                stringtext                     000700  000005  000705         E       0  STRCODE     2
                idataCOMMON                    000705  000002  000707       E0A       0  CODE        2
                config                         008007  000002  008009     1000E       0  CONFIG      2


UNUSED ADDRESS RANGES

        Name                Unused          Largest block    Delta
        BANK0            0006F-0006F               1           1
        BANK1            000B5-000EF              3B           1
        BANK10           00520-0056F              50           1
        BANK11           005A0-005EF              50           1
        BANK12           00620-0064F              30           1
        BANK2            00120-0016F              50           1
        BANK3            001A0-001EF              50           1
        BANK4            00220-0026F              50           1
        BANK5            002A0-002EF              50           1
        BANK6            00320-0036F              50           1
        BANK7            003A0-003EF              50           1
        BANK8            00420-0046F              50           1
        BANK9            004A0-004EF              50           1
        BIGRAM           02000-023EF             3F0           1
        CODE             00003-00003               1           2
                         00636-006FF              CA
                         00707-01FFF             800
        COMMON           0007C-0007D               2           1
        CONST            00003-00003               1           2
                         00636-006FF              CA
                         00707-01FFF             100
        ENTRY            00003-00003               1           2
                         00636-006FF              CA
                         00707-01FFF             100
        IDLOC            08000-08003               4           2
        RAM              0006F-0006F               1           1
                         000B5-000EF              3B
                         00120-0016F              50
                         001A0-001EF              50
                         00220-0026F              50
                         002A0-002EF              50
                         00320-0036F              50
                         003A0-003EF              50
                         00420-0046F              50
                         004A0-004EF              50
                         00520-0056F              50
                         005A0-005EF              50
                         00620-0064F              30
        SFR0             00000-0001F              20           1
        SFR1             00080-0009F              20           1
        SFR10            00500-0051F              20           1
        SFR11            00580-0059F              20           1
        SFR12            00600-0061F              20           1
        SFR13            00680-006EF              70           1
        SFR14            00700-0076F              70           1
        SFR15            00780-007EF              70           1
        SFR16            00800-0086F              70           1
        SFR17            00880-008EF              70           1
        SFR18            00900-0096F              70           1
        SFR19            00980-009EF              70           1
        SFR2             00100-0011F              20           1
        SFR20            00A00-00A6F              70           1
        SFR21            00A80-00AEF              70           1
        SFR22            00B00-00B6F              70           1
        SFR23            00B80-00BEF              70           1
        SFR24            00C00-00C6F              70           1
        SFR25            00C80-00CEF              70           1
        SFR26            00D00-00D6F              70           1
        SFR27            00D80-00DEF              70           1
        SFR28            00E00-00E6F              70           1
        SFR29            00E80-00EEF              70           1
        SFR3             00180-0019F              20           1
        SFR30            00F00-00F6F              70           1
        SFR31            00F80-00FEF              70           1
        SFR4             00200-0021F              20           1
        SFR5             00280-0029F              20           1
        SFR6             00300-0031F              20           1
        SFR7             00380-0039F              20           1
        SFR8             00400-0041F              20           1
        SFR9             00480-0049F              20           1
        STACK            02065-0231F             2BB           1
        STRCODE          00003-00003               1           2
                         00636-006FF              CA
                         00707-01FFF            18F9
        STRING           00003-00003               1           2
                         00636-006FF              CA
                         00707-01FFF             100

                                  Symbol Table

?___ftdiv                cstackBANK0  00026
?___ftmul                cstackBANK0  00036
?___ftpack               cstackCOMMON 00072
?___fttol                cstackBANK0  00046
?___lldiv                cstackCOMMON 00072
?___llmod                cstackCOMMON 00072
?___lltoft               cstackBANK0  00020
_ADCON0bits              (abs)        0009D
_ADCON1bits              (abs)        0009E
_ADRESH                  (abs)        0009C
_ADRESL                  (abs)        0009B
_ANSELA                  (abs)        0018C
_ANSELB                  (abs)        0018D
_INTCONbits              (abs)        0000B
_LATBbits                (abs)        0010D
_OPA2CONbits             (abs)        00515
_OPTION_REGbits          (abs)        00095
_OSCCONbits              (abs)        00099
_PEN                     (abs)        010B2
_PIE1bits                (abs)        00091
_PIR1bits                (abs)        00011
_RB4PPS                  (abs)        00E9C
_RB6PPS                  (abs)        00E9E
_RCEN                    (abs)        010B3
_Resul                   bssBANK1     000AE
_SSP1ADD                 (abs)        00212
_SSP1CON2                (abs)        00216
_SSP1CON2bits            (abs)        00216
_SSP1CONbits             (abs)        00215
_SSP1STAT                (abs)        00214
_SSPBUF                  (abs)        00211
_SSPCON2bits             (abs)        00216
_TMR0                    (abs)        00015
_TMR0IF                  (abs)        0005A
_TRISA                   (abs)        0008C
_TRISBbits               (abs)        0008D
_WPUBbits                (abs)        0020D
__CFG_BOREN$OFF          (abs)        00000
__CFG_CLKOUTEN$OFF       (abs)        00000
__CFG_CP$OFF             (abs)        00000
__CFG_FOSC$INTOSC        (abs)        00000
__CFG_LVP$OFF            (abs)        00000
__CFG_MCLRE$ON           (abs)        00000
__CFG_PWRTE$OFF          (abs)        00000
__CFG_STVREN$ON          (abs)        00000
__CFG_WDTE$OFF           (abs)        00000
__CFG_WRT$OFF            (abs)        00000
__Habs1                  abs1         00000
__Hbank0                 bank0        00000
__Hbank1                 bank1        00000
__Hbank10                bank10       00000
__Hbank11                bank11       00000
__Hbank12                bank12       00000
__Hbank13                bank13       00000
__Hbank14                bank14       00000
__Hbank15                bank15       00000
__Hbank16                bank16       00000
__Hbank17                bank17       00000
__Hbank18                bank18       00000
__Hbank19                bank19       00000
__Hbank2                 bank2        00000
__Hbank20                bank20       00000
__Hbank21                bank21       00000
__Hbank22                bank22       00000
__Hbank23                bank23       00000
__Hbank24                bank24       00000
__Hbank25                bank25       00000
__Hbank26                bank26       00000
__Hbank27                bank27       00000
__Hbank28                bank28       00000
__Hbank29                bank29       00000
__Hbank3                 bank3        00000
__Hbank30                bank30       00000
__Hbank31                bank31       00000
__Hbank4                 bank4        00000
__Hbank5                 bank5        00000
__Hbank6                 bank6        00000
__Hbank7                 bank7        00000
__Hbank8                 bank8        00000
__Hbank9                 bank9        00000
__Hbigram                bigram       00000
__HbssBANK0              bssBANK0     00000
__HbssBANK1              bssBANK1     00000
__Hcinit                 cinit        0004F
__Hclrtext               clrtext      00000
__Hcode                  code         00000
__Hcommon                common       00000
__Hconfig                config       08009
__HcstackBANK0           cstackBANK0  00000
__HcstackBANK1           cstackBANK1  00000
__HcstackCOMMON          cstackCOMMON 00000
__HdataCOMMON            dataCOMMON   00000
__Heeprom_data           eeprom_data  00000
__Hend_init              end_init     00034
__Hfunctab               functab      00000
__HidataCOMMON           idataCOMMON  00000
__Hidloc                 idloc        00000
__Hinit                  init         00032
__Hintentry              intentry     00032
__Hmaintext              maintext     00000
__Hpowerup               powerup      00000
__Hram                   ram          00000
__Hreset_vec             reset_vec    00003
__Hsfr0                  sfr0         00000
__Hsfr1                  sfr1         00000
__Hsfr10                 sfr10        00000
__Hsfr11                 sfr11        00000
__Hsfr12                 sfr12        00000
__Hsfr13                 sfr13        00000
__Hsfr14                 sfr14        00000
__Hsfr15                 sfr15        00000
__Hsfr16                 sfr16        00000
__Hsfr17                 sfr17        00000
__Hsfr18                 sfr18        00000
__Hsfr19                 sfr19        00000
__Hsfr2                  sfr2         00000
__Hsfr20                 sfr20        00000
__Hsfr21                 sfr21        00000
__Hsfr22                 sfr22        00000
__Hsfr23                 sfr23        00000
__Hsfr24                 sfr24        00000
__Hsfr25                 sfr25        00000
__Hsfr26                 sfr26        00000
__Hsfr27                 sfr27        00000
__Hsfr28                 sfr28        00000
__Hsfr29                 sfr29        00000
__Hsfr3                  sfr3         00000
__Hsfr30                 sfr30        00000
__Hsfr31                 sfr31        00000
__Hsfr4                  sfr4         00000
__Hsfr5                  sfr5         00000
__Hsfr6                  sfr6         00000
__Hsfr7                  sfr7         00000
__Hsfr8                  sfr8         00000
__Hsfr9                  sfr9         00000
__Hspace_0               (abs)        08009
__Hspace_1               (abs)        000B5
__Hspace_2               (abs)        00000
__Hspace_3               (abs)        00000
__Hstack                 stack        00000
__Hstrings               strings      00000
__Hstringtext            stringtext   00000
__Htext                  text         00000
__Labs1                  abs1         00000
__Lbank0                 bank0        00000
__Lbank1                 bank1        00000
__Lbank10                bank10       00000
__Lbank11                bank11       00000
__Lbank12                bank12       00000
__Lbank13                bank13       00000
__Lbank14                bank14       00000
__Lbank15                bank15       00000
__Lbank16                bank16       00000
__Lbank17                bank17       00000
__Lbank18                bank18       00000
__Lbank19                bank19       00000
__Lbank2                 bank2        00000
__Lbank20                bank20       00000
__Lbank21                bank21       00000
__Lbank22                bank22       00000
__Lbank23                bank23       00000
__Lbank24                bank24       00000
__Lbank25                bank25       00000
__Lbank26                bank26       00000
__Lbank27                bank27       00000
__Lbank28                bank28       00000
__Lbank29                bank29       00000
__Lbank3                 bank3        00000
__Lbank30                bank30       00000
__Lbank31                bank31       00000
__Lbank4                 bank4        00000
__Lbank5                 bank5        00000
__Lbank6                 bank6        00000
__Lbank7                 bank7        00000
__Lbank8                 bank8        00000
__Lbank9                 bank9        00000
__Lbigram                bigram       00000
__LbssBANK0              bssBANK0     00000
__LbssBANK1              bssBANK1     00000
__Lcinit                 cinit        00034
__Lclrtext               clrtext      00000
__Lcode                  code         00000
__Lcommon                common       00000
__Lconfig                config       08007
__LcstackBANK0           cstackBANK0  00000
__LcstackBANK1           cstackBANK1  00000
__LcstackCOMMON          cstackCOMMON 00000
__LdataCOMMON            dataCOMMON   00000
__Leeprom_data           eeprom_data  00000
__Lend_init              end_init     00032
__Lfunctab               functab      00000
__LidataCOMMON           idataCOMMON  00000
__Lidloc                 idloc        00000
__Linit                  init         00032
__Lintentry              intentry     00004
__Lmaintext              maintext     00000
__Lpowerup               powerup      00000
__Lram                   ram          00000
__Lreset_vec             reset_vec    00000
__Lsfr0                  sfr0         00000
__Lsfr1                  sfr1         00000
__Lsfr10                 sfr10        00000
__Lsfr11                 sfr11        00000
__Lsfr12                 sfr12        00000
__Lsfr13                 sfr13        00000
__Lsfr14                 sfr14        00000
__Lsfr15                 sfr15        00000
__Lsfr16                 sfr16        00000
__Lsfr17                 sfr17        00000
__Lsfr18                 sfr18        00000
__Lsfr19                 sfr19        00000
__Lsfr2                  sfr2         00000
__Lsfr20                 sfr20        00000
__Lsfr21                 sfr21        00000
__Lsfr22                 sfr22        00000
__Lsfr23                 sfr23        00000
__Lsfr24                 sfr24        00000
__Lsfr25                 sfr25        00000
__Lsfr26                 sfr26        00000
__Lsfr27                 sfr27        00000
__Lsfr28                 sfr28        00000
__Lsfr29                 sfr29        00000
__Lsfr3                  sfr3         00000
__Lsfr30                 sfr30        00000
__Lsfr31                 sfr31        00000
__Lsfr4                  sfr4         00000
__Lsfr5                  sfr5         00000
__Lsfr6                  sfr6         00000
__Lsfr7                  sfr7         00000
__Lsfr8                  sfr8         00000
__Lsfr9                  sfr9         00000
__Lspace_0               (abs)        00000
__Lspace_1               (abs)        00000
__Lspace_2               (abs)        00000
__Lspace_3               (abs)        00000
__Lstack                 stack        00000
__Lstrings               strings      00000
__Lstringtext            stringtext   00000
__Ltext                  text         00000
__S0                     (abs)        08009
__S1                     (abs)        000B5
__S2                     (abs)        00000
___ftdiv                 text12       00282
___ftdiv@cntr            cstackBANK0  00030
___ftdiv@exp             cstackBANK0  00034
___ftdiv@f1              cstackBANK0  00029
___ftdiv@f2              cstackBANK0  00026
___ftdiv@f3              cstackBANK0  00031
___ftdiv@sign            cstackBANK0  00035
___ftmul                 text11       001CE
___ftmul@cntr            cstackBANK0  00044
___ftmul@exp             cstackBANK0  00040
___ftmul@f1              cstackBANK0  00036
___ftmul@f2              cstackBANK0  00039
___ftmul@f3_as_product   cstackBANK0  00041
___ftmul@sign            cstackBANK0  00045
___ftpack                text13       0043B
___ftpack@arg            cstackCOMMON 00072
___ftpack@exp            cstackCOMMON 00075
___ftpack@sign           cstackCOMMON 00076
___fttol                 text10       003B4
___fttol@exp1            cstackBANK0  00053
___fttol@f1              cstackBANK0  00046
___fttol@lval            cstackBANK0  0004F
___fttol@sign1           cstackBANK0  0004E
___int_sp                stack        00000
___latbits               (abs)        00002
___lldiv                 text6        0049B
___lldiv@counter         cstackBANK0  00025
___lldiv@dividend        cstackCOMMON 00076
___lldiv@divisor         cstackCOMMON 00072
___lldiv@quotient        cstackBANK0  00021
___llmod                 text5        004EE
___llmod@counter         cstackBANK0  00021
___llmod@dividend        cstackCOMMON 00076
___llmod@divisor         cstackCOMMON 00072
___lltoft                text9        005CD
___lltoft@c              cstackBANK0  00020
___lltoft@exp            cstackBANK0  00025
___sp                    stack        00000
__end_of___ftdiv         text12       0032B
__end_of___ftmul         text11       00282
__end_of___ftpack        text13       0049B
__end_of___fttol         text10       0043B
__end_of___lldiv         text6        004EE
__end_of___llmod         text5        00531
__end_of___lltoft        text9        005F7
__end_of__initialization cinit        0004B
__end_of__stringdata     stringtext   00705
__end_of_disChar         text2        0061D
__end_of_initPD3535      text7        00630
__end_of_isr             intentry     00032
__end_of_ltoa            text3        005A1
__end_of_main            maintext     001CE
__end_of_printVal        text1        00571
__end_of_snd4094         text8        005CD
__end_of_ultoa           text4        003B4
__initialization         cinit        00034
__pbssBANK0              bssBANK0     0005C
__pbssBANK1              bssBANK1     000A0
__pcstackBANK0           cstackBANK0  00020
__pcstackBANK1           cstackBANK1  000B3
__pcstackCOMMON          cstackCOMMON 00070
__pdataCOMMON            dataCOMMON   0007A
__pidataCOMMON           idataCOMMON  00705
__pintentry              intentry     00004
__pmaintext              maintext     0004F
__pstringtext            stringtext   00700
__ptext1                 text1        00531
__ptext10                text10       003B4
__ptext11                text11       001CE
__ptext12                text12       00282
__ptext13                text13       0043B
__ptext2                 text2        005F7
__ptext3                 text3        00571
__ptext4                 text4        0032B
__ptext5                 text5        004EE
__ptext6                 text6        0049B
__ptext7                 text7        0061D
__ptext8                 text8        005A1
__ptext9                 text9        005CD
__size_of___ftdiv        (abs)        00000
__size_of___ftmul        (abs)        00000
__size_of___ftpack       (abs)        00000
__size_of___fttol        (abs)        00000
__size_of___lldiv        (abs)        00000
__size_of___llmod        (abs)        00000
__size_of___lltoft       (abs)        00000
__size_of_disChar        (abs)        00000
__size_of_initPD3535     (abs)        00000
__size_of_isr            (abs)        00000
__size_of_ltoa           (abs)        00000
__size_of_main           (abs)        00000
__size_of_printVal       (abs)        00000
__size_of_snd4094        (abs)        00000
__size_of_ultoa          (abs)        00000
__stringdata             stringtext   00700
_ad_res                  bssBANK0     0005C
_bMedida                 bssBANK0     0006E
_disChar                 text2        005F7
_fvr                     bssBANK1     000A8
_i                       bssBANK0     00068
_initPD3535              text7        0061D
_ip                      bssBANK1     000AB
_isr                     intentry     00004
_ltoa                    text3        00571
_lux                     bssBANK0     00060
_main                    maintext     0004F
_printVal                text1        00531
_res                     bssBANK0     0006A
_resul                   bssBANK1     000A0
_snd4094                 text8        005A1
_ultoa                   text4        0032B
_vr                      bssBANK0     00064
_wlux                    bssBANK1     000A4
btemp                    (abs)        0007E
clear_ram0               clrtext      00630
disChar@buff             cstackCOMMON 00078
disChar@ch               cstackCOMMON 00077
disChar@pos              dataCOMMON   0007A
end_of_initialization    cinit        0004B
initPD3535@dato          cstackCOMMON 00078
initPD3535@modo          cstackCOMMON 00077
intlevel0                functab      00000
intlevel1                functab      00000
intlevel2                functab      00000
intlevel3                functab      00000
intlevel4                functab      00000
intlevel5                functab      00000
isr@cnt                  bssBANK0     0006C
ltemp                    (abs)        0007E
ltemp0                   (abs)        0007E
ltemp1                   (abs)        00082
ltemp2                   (abs)        00086
ltemp3                   (abs)        00080
ltoa@base                cstackBANK0  00037
ltoa@buf                 cstackBANK0  0003B
ltoa@cp                  cstackBANK0  0003A
ltoa@val                 cstackBANK0  00033
main@i                   cstackBANK1  000B3
pic14e$flags             (abs)        0007E
printVal@i               cstackBANK0  00023
printVal@str             cstackBANK0  00020
reset_vec                reset_vec    00000
snd4094@dato             cstackCOMMON 00072
snd4094@i                cstackCOMMON 00075
stackhi                  (abs)        0231F
stacklo                  (abs)        02065
start                    init         00032
start_initialization     cinit        00034
ttemp                    (abs)        0007E
ttemp0                   (abs)        0007E
ttemp1                   (abs)        00081
ttemp2                   (abs)        00084
ttemp3                   (abs)        00087
ttemp4                   (abs)        0007F
ultoa@base               cstackBANK0  0002A
ultoa@buf                cstackBANK0  00032
ultoa@c                  cstackBANK0  00031
ultoa@v                  cstackBANK0  0002D
ultoa@val                cstackBANK0  00026
wtemp                    (abs)        0007E
wtemp0                   (abs)        0007E
wtemp1                   (abs)        00080
wtemp2                   (abs)        00082
wtemp3                   (abs)        00084
wtemp4                   (abs)        00086
wtemp5                   (abs)        00088
wtemp6                   (abs)        0007F


FUNCTION INFORMATION:

 *************** function _main *****************
 Defined at:
		line 36 in file "main.c"
 Parameters:    Size  Location     Type
		None
 Auto vars:     Size  Location     Type
  i               2    0[BANK1 ] int 
  temp            1    0        unsigned char 
 Return value:  Size  Location     Type
		None               void
 Registers used:
		wreg, fsr0l, fsr0h, fsr1l, fsr1h, status,2, status,0, pclath, cstack
 Tracked objects:
		On entry : 
		On exit  : 
		Unchanged: 
 Data sizes:     COMMON   BANK0   BANK1   BANK2   BANK3   BANK4   BANK5   BANK6   BANK7   BANK8   BANK9  BANK10  BANK11  BANK12
      Params:         0       0       0       0       0       0       0       0       0       0       0       0       0       0
      Locals:         0       0       2       0       0       0       0       0       0       0       0       0       0       0
      Temps:          0       8       0       0       0       0       0       0       0       0       0       0       0       0
      Totals:         0       8       2       0       0       0       0       0       0       0       0       0       0       0
Total ram usage:       10 bytes
 Hardware stack levels required when called:    4
 This function calls:
		___ftdiv
		___ftmul
		___fttol
		___lltoft
		_initPD3535
		_ltoa
		_printVal
 This function is called by:
		Startup code after reset
 This function uses a non-reentrant model


 *************** function _printVal *****************
 Defined at:
		line 91 in file "PD3535.c"
 Parameters:    Size  Location     Type
  str             2    0[BANK0 ] PTR unsigned char 
		 -> Resul(5), STR_1(5), 
 Auto vars:     Size  Location     Type
  i               2    3[BANK0 ] int 
 Return value:  Size  Location     Type
		None               void
 Registers used:
		wreg, fsr0l, fsr0h, status,2, status,0, pclath, cstack
 Tracked objects:
		On entry : 
		On exit  : 
		Unchanged: 
 Data sizes:     COMMON   BANK0   BANK1   BANK2   BANK3   BANK4   BANK5   BANK6   BANK7   BANK8   BANK9  BANK10  BANK11  BANK12
      Params:         0       2       0       0       0       0       0       0       0       0       0       0       0       0
      Locals:         0       2       0       0       0       0       0       0       0       0       0       0       0       0
      Temps:          0       1       0       0       0       0       0       0       0       0       0       0       0       0
      Totals:         0       5       0       0       0       0       0       0       0       0       0       0       0       0
Total ram usage:        5 bytes
 Hardware stack levels used:    1
 Hardware stack levels required when called:    3
 This function calls:
		_disChar
 This function is called by:
		_main
 This function uses a non-reentrant model


 *************** function _disChar *****************
 Defined at:
		line 64 in file "PD3535.c"
 Parameters:    Size  Location     Type
  ch              1    wreg     unsigned char 
 Auto vars:     Size  Location     Type
  ch              1    7[COMMON] unsigned char 
  buff            2    8[COMMON] struct .
 Return value:  Size  Location     Type
		None               void
 Registers used:
		wreg, status,2, status,0, pclath, cstack
 Tracked objects:
		On entry : 
		On exit  : 
		Unchanged: 
 Data sizes:     COMMON   BANK0   BANK1   BANK2   BANK3   BANK4   BANK5   BANK6   BANK7   BANK8   BANK9  BANK10  BANK11  BANK12
      Params:         0       0       0       0       0       0       0       0       0       0       0       0       0       0
      Locals:         3       0       0       0       0       0       0       0       0       0       0       0       0       0
      Temps:          1       0       0       0       0       0       0       0       0       0       0       0       0       0
      Totals:         4       0       0       0       0       0       0       0       0       0       0       0       0       0
Total ram usage:        4 bytes
 Hardware stack levels used:    1
 Hardware stack levels required when called:    2
 This function calls:
		_snd4094
 This function is called by:
		_printVal
 This function uses a non-reentrant model


 *************** function _ltoa *****************
 Defined at:
		line 7 in file "C:\Program Files\Microchip\xc8\v1.33\sources\common\ltoa.c"
 Parameters:    Size  Location     Type
  buf             1    wreg     PTR unsigned char 
		 -> Resul(5), 
  val             4   19[BANK0 ] long 
  base            2   23[BANK0 ] int 
 Auto vars:     Size  Location     Type
  buf             1   27[BANK0 ] PTR unsigned char 
		 -> Resul(5), 
  cp              1   26[BANK0 ] PTR unsigned char 
		 -> Resul(5), 
 Return value:  Size  Location     Type
                  1    wreg      PTR unsigned char 
 Registers used:
		wreg, fsr1l, fsr1h, status,2, status,0, pclath, cstack
 Tracked objects:
		On entry : 
		On exit  : 
		Unchanged: 
 Data sizes:     COMMON   BANK0   BANK1   BANK2   BANK3   BANK4   BANK5   BANK6   BANK7   BANK8   BANK9  BANK10  BANK11  BANK12
      Params:         0       6       0       0       0       0       0       0       0       0       0       0       0       0
      Locals:         0       2       0       0       0       0       0       0       0       0       0       0       0       0
      Temps:          0       1       0       0       0       0       0       0       0       0       0       0       0       0
      Totals:         0       9       0       0       0       0       0       0       0       0       0       0       0       0
Total ram usage:        9 bytes
 Hardware stack levels used:    1
 Hardware stack levels required when called:    3
 This function calls:
		_ultoa
 This function is called by:
		_main
 This function uses a non-reentrant model


 *************** function _ultoa *****************
 Defined at:
		line 32 in file "C:\Program Files\Microchip\xc8\v1.33\sources\common\ltoa.c"
 Parameters:    Size  Location     Type
  buf             1    wreg     PTR unsigned char 
		 -> Resul(5), 
  val             4    6[BANK0 ] unsigned long 
  base            2   10[BANK0 ] int 
 Auto vars:     Size  Location     Type
  buf             1   18[BANK0 ] PTR unsigned char 
		 -> Resul(5), 
  v               4   13[BANK0 ] unsigned long 
  c               1   17[BANK0 ] unsigned char 
 Return value:  Size  Location     Type
                  1    wreg      PTR unsigned char 
 Registers used:
		wreg, fsr1l, fsr1h, status,2, status,0, pclath, cstack
 Tracked objects:
		On entry : 
		On exit  : 
		Unchanged: 
 Data sizes:     COMMON   BANK0   BANK1   BANK2   BANK3   BANK4   BANK5   BANK6   BANK7   BANK8   BANK9  BANK10  BANK11  BANK12
      Params:         0       6       0       0       0       0       0       0       0       0       0       0       0       0
      Locals:         0       6       0       0       0       0       0       0       0       0       0       0       0       0
      Temps:          0       1       0       0       0       0       0       0       0       0       0       0       0       0
      Totals:         0      13       0       0       0       0       0       0       0       0       0       0       0       0
Total ram usage:       13 bytes
 Hardware stack levels used:    1
 Hardware stack levels required when called:    2
 This function calls:
		___lldiv
		___llmod
 This function is called by:
		_ltoa
 This function uses a non-reentrant model


 *************** function ___llmod *****************
 Defined at:
		line 6 in file "C:\Program Files\Microchip\xc8\v1.33\sources\common\llmod.c"
 Parameters:    Size  Location     Type
  divisor         4    2[COMMON] unsigned long 
  dividend        4    6[COMMON] unsigned long 
 Auto vars:     Size  Location     Type
  counter         1    1[BANK0 ] unsigned char 
 Return value:  Size  Location     Type
                  4    2[COMMON] unsigned long 
 Registers used:
		wreg, status,2, status,0
 Tracked objects:
		On entry : 
		On exit  : 
		Unchanged: 
 Data sizes:     COMMON   BANK0   BANK1   BANK2   BANK3   BANK4   BANK5   BANK6   BANK7   BANK8   BANK9  BANK10  BANK11  BANK12
      Params:         8       0       0       0       0       0       0       0       0       0       0       0       0       0
      Locals:         0       1       0       0       0       0       0       0       0       0       0       0       0       0
      Temps:          0       1       0       0       0       0       0       0       0       0       0       0       0       0
      Totals:         8       2       0       0       0       0       0       0       0       0       0       0       0       0
Total ram usage:       10 bytes
 Hardware stack levels used:    1
 Hardware stack levels required when called:    1
 This function calls:
		Nothing
 This function is called by:
		_ultoa
 This function uses a non-reentrant model


 *************** function ___lldiv *****************
 Defined at:
		line 6 in file "C:\Program Files\Microchip\xc8\v1.33\sources\common\lldiv.c"
 Parameters:    Size  Location     Type
  divisor         4    2[COMMON] unsigned long 
  dividend        4    6[COMMON] unsigned long 
 Auto vars:     Size  Location     Type
  quotient        4    1[BANK0 ] unsigned long 
  counter         1    5[BANK0 ] unsigned char 
 Return value:  Size  Location     Type
                  4    2[COMMON] unsigned long 
 Registers used:
		wreg, status,2, status,0
 Tracked objects:
		On entry : 
		On exit  : 
		Unchanged: 
 Data sizes:     COMMON   BANK0   BANK1   BANK2   BANK3   BANK4   BANK5   BANK6   BANK7   BANK8   BANK9  BANK10  BANK11  BANK12
      Params:         8       0       0       0       0       0       0       0       0       0       0       0       0       0
      Locals:         0       5       0       0       0       0       0       0       0       0       0       0       0       0
      Temps:          0       1       0       0       0       0       0       0       0       0       0       0       0       0
      Totals:         8       6       0       0       0       0       0       0       0       0       0       0       0       0
Total ram usage:       14 bytes
 Hardware stack levels used:    1
 Hardware stack levels required when called:    1
 This function calls:
		Nothing
 This function is called by:
		_ultoa
 This function uses a non-reentrant model


 *************** function _initPD3535 *****************
 Defined at:
		line 52 in file "PD3535.c"
 Parameters:    Size  Location     Type
  modo            1    wreg     unsigned char 
 Auto vars:     Size  Location     Type
  modo            1    7[COMMON] unsigned char 
  dato            2    8[COMMON] struct .
 Return value:  Size  Location     Type
		None               void
 Registers used:
		wreg, status,2, status,0, pclath, cstack
 Tracked objects:
		On entry : 
		On exit  : 
		Unchanged: 
 Data sizes:     COMMON   BANK0   BANK1   BANK2   BANK3   BANK4   BANK5   BANK6   BANK7   BANK8   BANK9  BANK10  BANK11  BANK12
      Params:         0       0       0       0       0       0       0       0       0       0       0       0       0       0
      Locals:         3       0       0       0       0       0       0       0       0       0       0       0       0       0
      Temps:          1       0       0       0       0       0       0       0       0       0       0       0       0       0
      Totals:         4       0       0       0       0       0       0       0       0       0       0       0       0       0
Total ram usage:        4 bytes
 Hardware stack levels used:    1
 Hardware stack levels required when called:    2
 This function calls:
		_snd4094
 This function is called by:
		_main
 This function uses a non-reentrant model


 *************** function _snd4094 *****************
 Defined at:
		line 16 in file "PD3535.c"
 Parameters:    Size  Location     Type
  dato            2    2[COMMON] struct .
 Auto vars:     Size  Location     Type
  i               1    5[COMMON] unsigned char 
 Return value:  Size  Location     Type
		None               void
 Registers used:
		wreg, status,2, status,0
 Tracked objects:
		On entry : 
		On exit  : 
		Unchanged: 
 Data sizes:     COMMON   BANK0   BANK1   BANK2   BANK3   BANK4   BANK5   BANK6   BANK7   BANK8   BANK9  BANK10  BANK11  BANK12
      Params:         2       0       0       0       0       0       0       0       0       0       0       0       0       0
      Locals:         1       0       0       0       0       0       0       0       0       0       0       0       0       0
      Temps:          1       0       0       0       0       0       0       0       0       0       0       0       0       0
      Totals:         4       0       0       0       0       0       0       0       0       0       0       0       0       0
Total ram usage:        4 bytes
 Hardware stack levels used:    1
 Hardware stack levels required when called:    1
 This function calls:
		Nothing
 This function is called by:
		_initPD3535
		_disChar
		_disCharPos
 This function uses a non-reentrant model


 *************** function ___lltoft *****************
 Defined at:
		line 35 in file "C:\Program Files\Microchip\xc8\v1.33\sources\common\lltoft.c"
 Parameters:    Size  Location     Type
  c               4    0[BANK0 ] unsigned long 
 Auto vars:     Size  Location     Type
  exp             1    5[BANK0 ] unsigned char 
 Return value:  Size  Location     Type
                  3    0[BANK0 ] float 
 Registers used:
		wreg, status,2, status,0, pclath, cstack
 Tracked objects:
		On entry : 
		On exit  : 
		Unchanged: 
 Data sizes:     COMMON   BANK0   BANK1   BANK2   BANK3   BANK4   BANK5   BANK6   BANK7   BANK8   BANK9  BANK10  BANK11  BANK12
      Params:         0       4       0       0       0       0       0       0       0       0       0       0       0       0
      Locals:         0       1       0       0       0       0       0       0       0       0       0       0       0       0
      Temps:          0       1       0       0       0       0       0       0       0       0       0       0       0       0
      Totals:         0       6       0       0       0       0       0       0       0       0       0       0       0       0
Total ram usage:        6 bytes
 Hardware stack levels used:    1
 Hardware stack levels required when called:    2
 This function calls:
		___ftpack
 This function is called by:
		_main
 This function uses a non-reentrant model


 *************** function ___fttol *****************
 Defined at:
		line 44 in file "C:\Program Files\Microchip\xc8\v1.33\sources\common\fttol.c"
 Parameters:    Size  Location     Type
  f1              3   38[BANK0 ] float 
 Auto vars:     Size  Location     Type
  lval            4   47[BANK0 ] unsigned long 
  exp1            1   51[BANK0 ] unsigned char 
  sign1           1   46[BANK0 ] unsigned char 
 Return value:  Size  Location     Type
                  4   38[BANK0 ] long 
 Registers used:
		wreg, status,2, status,0
 Tracked objects:
		On entry : 
		On exit  : 
		Unchanged: 
 Data sizes:     COMMON   BANK0   BANK1   BANK2   BANK3   BANK4   BANK5   BANK6   BANK7   BANK8   BANK9  BANK10  BANK11  BANK12
      Params:         0       4       0       0       0       0       0       0       0       0       0       0       0       0
      Locals:         0       6       0       0       0       0       0       0       0       0       0       0       0       0
      Temps:          0       4       0       0       0       0       0       0       0       0       0       0       0       0
      Totals:         0      14       0       0       0       0       0       0       0       0       0       0       0       0
Total ram usage:       14 bytes
 Hardware stack levels used:    1
 Hardware stack levels required when called:    1
 This function calls:
		Nothing
 This function is called by:
		_main
 This function uses a non-reentrant model


 *************** function ___ftmul *****************
 Defined at:
		line 62 in file "C:\Program Files\Microchip\xc8\v1.33\sources\common\ftmul.c"
 Parameters:    Size  Location     Type
  f1              3   22[BANK0 ] float 
  f2              3   25[BANK0 ] float 
 Auto vars:     Size  Location     Type
  f3_as_produc    3   33[BANK0 ] unsigned um
  sign            1   37[BANK0 ] unsigned char 
  cntr            1   36[BANK0 ] unsigned char 
  exp             1   32[BANK0 ] unsigned char 
 Return value:  Size  Location     Type
                  3   22[BANK0 ] float 
 Registers used:
		wreg, status,2, status,0, pclath, cstack
 Tracked objects:
		On entry : 
		On exit  : 
		Unchanged: 
 Data sizes:     COMMON   BANK0   BANK1   BANK2   BANK3   BANK4   BANK5   BANK6   BANK7   BANK8   BANK9  BANK10  BANK11  BANK12
      Params:         0       6       0       0       0       0       0       0       0       0       0       0       0       0
      Locals:         0       6       0       0       0       0       0       0       0       0       0       0       0       0
      Temps:          0       4       0       0       0       0       0       0       0       0       0       0       0       0
      Totals:         0      16       0       0       0       0       0       0       0       0       0       0       0       0
Total ram usage:       16 bytes
 Hardware stack levels used:    1
 Hardware stack levels required when called:    2
 This function calls:
		___ftpack
 This function is called by:
		_main
 This function uses a non-reentrant model


 *************** function ___ftdiv *****************
 Defined at:
		line 49 in file "C:\Program Files\Microchip\xc8\v1.33\sources\pic\ftdiv.c"
 Parameters:    Size  Location     Type
  f2              3    6[BANK0 ] float 
  f1              3    9[BANK0 ] float 
 Auto vars:     Size  Location     Type
  f3              3   17[BANK0 ] float 
  sign            1   21[BANK0 ] unsigned char 
  exp             1   20[BANK0 ] unsigned char 
  cntr            1   16[BANK0 ] unsigned char 
 Return value:  Size  Location     Type
                  3    6[BANK0 ] float 
 Registers used:
		wreg, status,2, status,0, pclath, cstack
 Tracked objects:
		On entry : 
		On exit  : 
		Unchanged: 
 Data sizes:     COMMON   BANK0   BANK1   BANK2   BANK3   BANK4   BANK5   BANK6   BANK7   BANK8   BANK9  BANK10  BANK11  BANK12
      Params:         0       6       0       0       0       0       0       0       0       0       0       0       0       0
      Locals:         0       6       0       0       0       0       0       0       0       0       0       0       0       0
      Temps:          0       4       0       0       0       0       0       0       0       0       0       0       0       0
      Totals:         0      16       0       0       0       0       0       0       0       0       0       0       0       0
Total ram usage:       16 bytes
 Hardware stack levels used:    1
 Hardware stack levels required when called:    2
 This function calls:
		___ftpack
 This function is called by:
		_main
 This function uses a non-reentrant model


 *************** function ___ftpack *****************
 Defined at:
		line 62 in file "C:\Program Files\Microchip\xc8\v1.33\sources\common\float.c"
 Parameters:    Size  Location     Type
  arg             3    2[COMMON] unsigned um
  exp             1    5[COMMON] unsigned char 
  sign            1    6[COMMON] unsigned char 
 Auto vars:     Size  Location     Type
		None
 Return value:  Size  Location     Type
                  3    2[COMMON] float 
 Registers used:
		wreg, status,2, status,0
 Tracked objects:
		On entry : 
		On exit  : 
		Unchanged: 
 Data sizes:     COMMON   BANK0   BANK1   BANK2   BANK3   BANK4   BANK5   BANK6   BANK7   BANK8   BANK9  BANK10  BANK11  BANK12
      Params:         5       0       0       0       0       0       0       0       0       0       0       0       0       0
      Locals:         0       0       0       0       0       0       0       0       0       0       0       0       0       0
      Temps:          3       0       0       0       0       0       0       0       0       0       0       0       0       0
      Totals:         8       0       0       0       0       0       0       0       0       0       0       0       0       0
Total ram usage:        8 bytes
 Hardware stack levels used:    1
 Hardware stack levels required when called:    1
 This function calls:
		Nothing
 This function is called by:
		___ftdiv
		___ftmul
		___lltoft
 This function uses a non-reentrant model


 *************** function _isr *****************
 Defined at:
		line 140 in file "main.c"
 Parameters:    Size  Location     Type
		None
 Auto vars:     Size  Location     Type
		None
 Return value:  Size  Location     Type
		None               void
 Registers used:
		wreg, status,2, status,0
 Tracked objects:
		On entry : 
		On exit  : 
		Unchanged: 
 Data sizes:     COMMON   BANK0   BANK1   BANK2   BANK3   BANK4   BANK5   BANK6   BANK7   BANK8   BANK9  BANK10  BANK11  BANK12
      Params:         0       0       0       0       0       0       0       0       0       0       0       0       0       0
      Locals:         0       0       0       0       0       0       0       0       0       0       0       0       0       0
      Temps:          2       0       0       0       0       0       0       0       0       0       0       0       0       0
      Totals:         2       0       0       0       0       0       0       0       0       0       0       0       0       0
Total ram usage:        2 bytes
 Hardware stack levels used:    1
 This function calls:
		Nothing
 This function is called by:
		Interrupt level 1
 This function uses a non-reentrant model



MODULE INFORMATION

Module		Function		Class		Link	Load	Size
C:\Program Files\Microchip\xc8\v1.33\sources\common\llmod.c
		___llmod       		CODE           	04EE	0000	67

C:\Program Files\Microchip\xc8\v1.33\sources\common\llmod.c estimated size: 67

C:\Program Files\Microchip\xc8\v1.33\sources\common\ftmul.c
		___ftmul       		CODE           	01CE	0000	180

C:\Program Files\Microchip\xc8\v1.33\sources\common\ftmul.c estimated size: 180

C:\Program Files\Microchip\xc8\v1.33\sources\common\lldiv.c
		___lldiv       		CODE           	049B	0000	83

C:\Program Files\Microchip\xc8\v1.33\sources\common\lldiv.c estimated size: 83

C:\Program Files\Microchip\xc8\v1.33\sources\common\ltoa.c
		_ltoa          		CODE           	0571	0000	48
		_ultoa         		CODE           	032B	0000	137

C:\Program Files\Microchip\xc8\v1.33\sources\common\ltoa.c estimated size: 185

C:\Program Files\Microchip\xc8\v1.33\sources\common\fttol.c
		___fttol       		CODE           	03B4	0000	135

C:\Program Files\Microchip\xc8\v1.33\sources\common\fttol.c estimated size: 135

C:\Program Files\Microchip\xc8\v1.33\sources\common\lltoft.c
		___lltoft      		CODE           	05CD	0000	42

C:\Program Files\Microchip\xc8\v1.33\sources\common\lltoft.c estimated size: 42

shared
		__stringdata   		STRCODE        	0700	0000	5
		__initializatio		CODE           	0034	0000	23

shared estimated size: 28

PD3535.c
		_snd4094       		CODE           	05A1	0000	44
		_initPD3535    		CODE           	061D	0000	19
		_disChar       		CODE           	05F7	0000	38
		_printVal      		CODE           	0531	0000	64

PD3535.c estimated size: 165

C:\Program Files\Microchip\xc8\v1.33\sources\common\float.c
		___ftpack      		CODE           	043B	0000	96

C:\Program Files\Microchip\xc8\v1.33\sources\common\float.c estimated size: 96

main.c
		_main          		CODE           	004F	0000	383
		_isr           		CODE           	0004	0000	46

main.c estimated size: 429

C:\Program Files\Microchip\xc8\v1.33\sources\pic\ftdiv.c
		___ftdiv       		CODE           	0282	0000	169

C:\Program Files\Microchip\xc8\v1.33\sources\pic\ftdiv.c estimated size: 169

